// Jest Snapshot v1, https://goo.gl/fbAQLP

exports[`TodoItem render page with props 1`] = `
<div
  class="todo-item"
>
  <li>
    <input
      id="todo__sdf234lkjsdf"
      type="checkbox"
    />
    <label
      for="todo__sdf234lkjsdf"
    >
      <span
        class="check"
      />
      Should be text
    </label>
    <div
      class="todo-buttons"
    >
      <i
        class="far fa-edit edit"
      />
      <i
        class="far fa-trash-alt delete"
      />
    </div>
  </li>
</div>
`;
